
Discarded input sections

 .group         0x0000000000000000        0x8 build/main.o
 .note.GNU-stack
                0x0000000000000000        0x0 build/main.o
 .group         0x0000000000000000        0x8 build/init.o
 .text.__x86.get_pc_thunk.bx
                0x0000000000000000        0x4 build/init.o
 .note.GNU-stack
                0x0000000000000000        0x0 build/init.o
 .group         0x0000000000000000        0x8 build/interrupt.o
 .group         0x0000000000000000        0x8 build/interrupt.o
 .text.__x86.get_pc_thunk.bx
                0x0000000000000000        0x4 build/interrupt.o
 .note.GNU-stack
                0x0000000000000000        0x0 build/interrupt.o
 .group         0x0000000000000000        0x8 build/timer.o
 .group         0x0000000000000000        0x8 build/timer.o
 .group         0x0000000000000000        0x8 build/timer.o
 .text.__x86.get_pc_thunk.ax
                0x0000000000000000        0x4 build/timer.o
 .text.__x86.get_pc_thunk.bx
                0x0000000000000000        0x4 build/timer.o
 .note.GNU-stack
                0x0000000000000000        0x0 build/timer.o
 .group         0x0000000000000000        0x8 build/debug.o
 .text.__x86.get_pc_thunk.bx
                0x0000000000000000        0x4 build/debug.o
 .note.GNU-stack
                0x0000000000000000        0x0 build/debug.o
 .group         0x0000000000000000        0x8 build/memory.o
 .group         0x0000000000000000        0x8 build/memory.o
 .text.__x86.get_pc_thunk.ax
                0x0000000000000000        0x4 build/memory.o
 .text.__x86.get_pc_thunk.bx
                0x0000000000000000        0x4 build/memory.o
 .note.GNU-stack
                0x0000000000000000        0x0 build/memory.o
 .group         0x0000000000000000        0x8 build/bitmap.o
 .text.__x86.get_pc_thunk.ax
                0x0000000000000000        0x4 build/bitmap.o
 .note.GNU-stack
                0x0000000000000000        0x0 build/bitmap.o
 .group         0x0000000000000000        0x8 build/string.o
 .text.__x86.get_pc_thunk.ax
                0x0000000000000000        0x4 build/string.o
 .note.GNU-stack
                0x0000000000000000        0x0 build/string.o
 .group         0x0000000000000000        0x8 build/thread.o
 .group         0x0000000000000000        0x8 build/thread.o
 .group         0x0000000000000000        0x8 build/thread.o
 .text.__x86.get_pc_thunk.ax
                0x0000000000000000        0x4 build/thread.o
 .text.__x86.get_pc_thunk.bx
                0x0000000000000000        0x4 build/thread.o
 .note.GNU-stack
                0x0000000000000000        0x0 build/thread.o
 .group         0x0000000000000000        0x8 build/list.o
 .group         0x0000000000000000        0x8 build/list.o
 .text.__x86.get_pc_thunk.ax
                0x0000000000000000        0x4 build/list.o
 .text.__x86.get_pc_thunk.bx
                0x0000000000000000        0x4 build/list.o
 .note.GNU-stack
                0x0000000000000000        0x0 build/list.o
 .group         0x0000000000000000        0x8 build/console.o
 .group         0x0000000000000000        0x8 build/console.o
 .text.__x86.get_pc_thunk.ax
                0x0000000000000000        0x4 build/console.o
 .text.__x86.get_pc_thunk.bx
                0x0000000000000000        0x4 build/console.o
 .note.GNU-stack
                0x0000000000000000        0x0 build/console.o
 .group         0x0000000000000000        0x8 build/sync.o
 .group         0x0000000000000000        0x8 build/sync.o
 .text.__x86.get_pc_thunk.ax
                0x0000000000000000        0x4 build/sync.o
 .text.__x86.get_pc_thunk.bx
                0x0000000000000000        0x4 build/sync.o
 .note.GNU-stack
                0x0000000000000000        0x0 build/sync.o
 .group         0x0000000000000000        0x8 build/keyboard.o
 .group         0x0000000000000000        0x8 build/keyboard.o
 .text.__x86.get_pc_thunk.ax
                0x0000000000000000        0x4 build/keyboard.o
 .text.__x86.get_pc_thunk.bx
                0x0000000000000000        0x4 build/keyboard.o
 .note.GNU-stack
                0x0000000000000000        0x0 build/keyboard.o
 .group         0x0000000000000000        0x8 build/ioqueue.o
 .group         0x0000000000000000        0x8 build/ioqueue.o
 .text.__x86.get_pc_thunk.ax
                0x0000000000000000        0x4 build/ioqueue.o
 .text.__x86.get_pc_thunk.bx
                0x0000000000000000        0x4 build/ioqueue.o
 .note.GNU-stack
                0x0000000000000000        0x0 build/ioqueue.o
 .group         0x0000000000000000        0x8 build/tss.o
 .group         0x0000000000000000        0x8 build/tss.o
 .text.__x86.get_pc_thunk.ax
                0x0000000000000000        0x4 build/tss.o
 .text.__x86.get_pc_thunk.bx
                0x0000000000000000        0x4 build/tss.o
 .note.GNU-stack
                0x0000000000000000        0x0 build/tss.o
 .group         0x0000000000000000        0x8 build/process.o
 .group         0x0000000000000000        0x8 build/process.o
 .text.__x86.get_pc_thunk.ax
                0x0000000000000000        0x4 build/process.o
 .text.__x86.get_pc_thunk.bx
                0x0000000000000000        0x4 build/process.o
 .note.GNU-stack
                0x0000000000000000        0x0 build/process.o
 .group         0x0000000000000000        0x8 build/syscall.o
 .text.__x86.get_pc_thunk.ax
                0x0000000000000000        0x4 build/syscall.o
 .note.GNU-stack
                0x0000000000000000        0x0 build/syscall.o
 .group         0x0000000000000000        0x8 build/syscall-init.o
 .group         0x0000000000000000        0x8 build/syscall-init.o
 .text.__x86.get_pc_thunk.ax
                0x0000000000000000        0x4 build/syscall-init.o
 .text.__x86.get_pc_thunk.bx
                0x0000000000000000        0x4 build/syscall-init.o
 .note.GNU-stack
                0x0000000000000000        0x0 build/syscall-init.o
 .group         0x0000000000000000        0x8 build/stdio.o
 .group         0x0000000000000000        0x8 build/stdio.o
 .text.__x86.get_pc_thunk.ax
                0x0000000000000000        0x4 build/stdio.o
 .text.__x86.get_pc_thunk.bx
                0x0000000000000000        0x4 build/stdio.o
 .note.GNU-stack
                0x0000000000000000        0x0 build/stdio.o
 .group         0x0000000000000000        0x8 build/ide.o
 .group         0x0000000000000000        0x8 build/ide.o
 .text.__x86.get_pc_thunk.ax
                0x0000000000000000        0x4 build/ide.o
 .text.__x86.get_pc_thunk.bx
                0x0000000000000000        0x4 build/ide.o
 .note.GNU-stack
                0x0000000000000000        0x0 build/ide.o
 .group         0x0000000000000000        0x8 build/stdio-kernel.o
 .text.__x86.get_pc_thunk.bx
                0x0000000000000000        0x4 build/stdio-kernel.o
 .note.GNU-stack
                0x0000000000000000        0x0 build/stdio-kernel.o
 .group         0x0000000000000000        0x8 build/fs.o
 .group         0x0000000000000000        0x8 build/fs.o
 .text.__x86.get_pc_thunk.ax
                0x0000000000000000        0x4 build/fs.o
 .text.__x86.get_pc_thunk.bx
                0x0000000000000000        0x4 build/fs.o
 .note.GNU-stack
                0x0000000000000000        0x0 build/fs.o
 .group         0x0000000000000000        0x8 build/inode.o
 .group         0x0000000000000000        0x8 build/inode.o
 .text.__x86.get_pc_thunk.ax
                0x0000000000000000        0x4 build/inode.o
 .text.__x86.get_pc_thunk.bx
                0x0000000000000000        0x4 build/inode.o
 .note.GNU-stack
                0x0000000000000000        0x0 build/inode.o
 .group         0x0000000000000000        0x8 build/file.o
 .group         0x0000000000000000        0x8 build/file.o
 .group         0x0000000000000000        0x8 build/file.o
 .text.__x86.get_pc_thunk.ax
                0x0000000000000000        0x4 build/file.o
 .text.__x86.get_pc_thunk.dx
                0x0000000000000000        0x4 build/file.o
 .text.__x86.get_pc_thunk.bx
                0x0000000000000000        0x4 build/file.o
 .note.GNU-stack
                0x0000000000000000        0x0 build/file.o
 .group         0x0000000000000000        0x8 build/dir.o
 .group         0x0000000000000000        0x8 build/dir.o
 .text.__x86.get_pc_thunk.ax
                0x0000000000000000        0x4 build/dir.o
 .text.__x86.get_pc_thunk.bx
                0x0000000000000000        0x4 build/dir.o
 .note.GNU-stack
                0x0000000000000000        0x0 build/dir.o
 .group         0x0000000000000000        0x8 build/fork.o
 .group         0x0000000000000000        0x8 build/fork.o
 .text.__x86.get_pc_thunk.ax
                0x0000000000000000        0x4 build/fork.o
 .text.__x86.get_pc_thunk.bx
                0x0000000000000000        0x4 build/fork.o
 .note.GNU-stack
                0x0000000000000000        0x0 build/fork.o
 .group         0x0000000000000000        0x8 build/shell.o
 .group         0x0000000000000000        0x8 build/shell.o
 .text.__x86.get_pc_thunk.ax
                0x0000000000000000        0x4 build/shell.o
 .text.__x86.get_pc_thunk.bx
                0x0000000000000000        0x4 build/shell.o
 .note.GNU-stack
                0x0000000000000000        0x0 build/shell.o
 .group         0x0000000000000000        0x8 build/assert.o
 .text.__x86.get_pc_thunk.ax
                0x0000000000000000        0x4 build/assert.o
 .note.GNU-stack
                0x0000000000000000        0x0 build/assert.o
 .group         0x0000000000000000        0x8 build/buildin_cmd.o
 .group         0x0000000000000000        0x8 build/buildin_cmd.o
 .text.__x86.get_pc_thunk.ax
                0x0000000000000000        0x4 build/buildin_cmd.o
 .text.__x86.get_pc_thunk.bx
                0x0000000000000000        0x4 build/buildin_cmd.o
 .note.GNU-stack
                0x0000000000000000        0x0 build/buildin_cmd.o
 .group         0x0000000000000000        0x8 build/exec.o
 .text.__x86.get_pc_thunk.bx
                0x0000000000000000        0x4 build/exec.o
 .note.GNU-stack
                0x0000000000000000        0x0 build/exec.o
 .group         0x0000000000000000        0x8 build/wait_exit.o
 .group         0x0000000000000000        0x8 build/wait_exit.o
 .text.__x86.get_pc_thunk.ax
                0x0000000000000000        0x4 build/wait_exit.o
 .text.__x86.get_pc_thunk.bx
                0x0000000000000000        0x4 build/wait_exit.o
 .note.GNU-stack
                0x0000000000000000        0x0 build/wait_exit.o
 .group         0x0000000000000000        0x8 build/pipe.o
 .group         0x0000000000000000        0x8 build/pipe.o
 .text.__x86.get_pc_thunk.ax
                0x0000000000000000        0x4 build/pipe.o
 .text.__x86.get_pc_thunk.bx
                0x0000000000000000        0x4 build/pipe.o
 .note.GNU-stack
                0x0000000000000000        0x0 build/pipe.o

Memory Configuration

Name             Origin             Length             Attributes
*default*        0x0000000000000000 0xffffffffffffffff

Linker script and memory map

Address of section .text set to 0xc0001500
LOAD build/main.o
LOAD build/init.o
LOAD build/interrupt.o
LOAD build/timer.o
LOAD build/kernel.o
LOAD build/print.o
LOAD build/debug.o
LOAD build/memory.o
LOAD build/bitmap.o
LOAD build/string.o
LOAD build/thread.o
LOAD build/list.o
LOAD build/switch.o
LOAD build/console.o
LOAD build/sync.o
LOAD build/keyboard.o
LOAD build/ioqueue.o
LOAD build/tss.o
LOAD build/process.o
LOAD build/syscall.o
LOAD build/syscall-init.o
LOAD build/stdio.o
LOAD build/ide.o
LOAD build/stdio-kernel.o
LOAD build/fs.o
LOAD build/inode.o
LOAD build/file.o
LOAD build/dir.o
LOAD build/fork.o
LOAD build/shell.o
LOAD build/assert.o
LOAD build/buildin_cmd.o
LOAD build/exec.o
LOAD build/wait_exit.o
LOAD build/pipe.o
                [!provide]                        PROVIDE (__executable_start = SEGMENT_START ("text-segment", 0x8048000))
                0x00000000080480d4                . = (SEGMENT_START ("text-segment", 0x8048000) + SIZEOF_HEADERS)

.interp
 *(.interp)

.note.gnu.build-id
 *(.note.gnu.build-id)

.hash
 *(.hash)

.gnu.hash
 *(.gnu.hash)

.dynsym
 *(.dynsym)

.dynstr
 *(.dynstr)

.gnu.version
 *(.gnu.version)

.gnu.version_d
 *(.gnu.version_d)

.gnu.version_r
 *(.gnu.version_r)

.rel.dyn        0x00000000080480d4        0x0
 *(.rel.init)
 *(.rel.text .rel.text.* .rel.gnu.linkonce.t.*)
 *(.rel.fini)
 *(.rel.rodata .rel.rodata.* .rel.gnu.linkonce.r.*)
 *(.rel.data.rel.ro .rel.data.rel.ro.* .rel.gnu.linkonce.d.rel.ro.*)
 *(.rel.data .rel.data.* .rel.gnu.linkonce.d.*)
 *(.rel.tdata .rel.tdata.* .rel.gnu.linkonce.td.*)
 *(.rel.tbss .rel.tbss.* .rel.gnu.linkonce.tb.*)
 *(.rel.ctors)
 *(.rel.dtors)
 *(.rel.got)
 .rel.got       0x00000000080480d4        0x0 build/main.o
 *(.rel.bss .rel.bss.* .rel.gnu.linkonce.b.*)
 *(.rel.ifunc)

.rel.plt        0x00000000080480d4        0x0
 *(.rel.plt)
                [!provide]                        PROVIDE (__rel_iplt_start = .)
 *(.rel.iplt)
 .rel.iplt      0x00000000080480d4        0x0 build/main.o
                [!provide]                        PROVIDE (__rel_iplt_end = .)

.relr.dyn
 *(.relr.dyn)
                0x0000000008049000                . = ALIGN (CONSTANT (MAXPAGESIZE))

.init
 *(SORT_NONE(.init))

.plt            0x0000000008049000        0x0
 *(.plt)
 *(.iplt)
 .iplt          0x0000000008049000        0x0 build/main.o

.plt.got
 *(.plt.got)

.plt.sec
 *(.plt.sec)

.text           0x00000000c0001500     0xd84a
 *(.text.unlikely .text.*_unlikely .text.unlikely.*)
 *(.text.exit .text.exit.*)
 *(.text.startup .text.startup.*)
 *(.text.hot .text.hot.*)
 *(SORT_BY_NAME(.text.sorted.*))
 *(.text .stub .text.* .gnu.linkonce.t.*)
 .text          0x00000000c0001500      0x178 build/main.o
                0x00000000c0001500                main
                0x00000000c00015ff                init
 .text.__x86.get_pc_thunk.bx
                0x00000000c0001678        0x4 build/main.o
                0x00000000c0001678                __x86.get_pc_thunk.bx
 .text          0x00000000c000167c       0x61 build/init.o
                0x00000000c000167c                init_all
 .text          0x00000000c00016dd      0x53d build/interrupt.o
                0x00000000c0001ac1                intr_enable
                0x00000000c0001af4                intr_disable
                0x00000000c0001b27                intr_set_status
                0x00000000c0001b4f                intr_get_status
                0x00000000c0001b76                register_handler
                0x00000000c0001b9d                idt_init
 .text.__x86.get_pc_thunk.ax
                0x00000000c0001c1a        0x4 build/interrupt.o
                0x00000000c0001c1a                __x86.get_pc_thunk.ax
 .text          0x00000000c0001c1e      0x252 build/timer.o
                0x00000000c0001da6                mtime_sleep
                0x00000000c0001e08                timer_init
 .text.__x86.get_pc_thunk.cx
                0x00000000c0001e70        0x4 build/timer.o
                0x00000000c0001e70                __x86.get_pc_thunk.cx
 *fill*         0x00000000c0001e74        0xc 
 .text          0x00000000c0001e80      0x55b build/kernel.o
                0x00000000c0001e80                intr_exit
                0x00000000c00023b7                syscall_handler
 *fill*         0x00000000c00023db        0x5 
 .text          0x00000000c00023e0      0x1b1 build/print.o
                0x00000000c00023e0                put_str
                0x00000000c00023fe                put_char
                0x00000000c00024cb                cls_screen
                0x00000000c000250a                put_int
                0x00000000c000256d                set_cursor
 .text          0x00000000c0002591       0xf4 build/debug.o
                0x00000000c0002591                panic_spin
 .text          0x00000000c0002685     0x13e1 build/memory.o
                0x00000000c00027b5                pte_ptr
                0x00000000c00027ef                pde_ptr
                0x00000000c00029a6                malloc_page
                0x00000000c0002a7f                get_kernel_pages
                0x00000000c0002aed                get_user_pages
                0x00000000c0002b5b                get_a_page
                0x00000000c0002cf0                get_a_page_without_opvaddrbitmap
                0x00000000c0002d8b                addr_v2p
                0x00000000c0002dfc                sys_malloc
                0x00000000c000314e                pfree
                0x00000000c00032b0                mfree_page
                0x00000000c00034a0                sys_free
                0x00000000c00038e7                block_desc_init
                0x00000000c000398b                free_a_phy_page
                0x00000000c0003a00                mem_init
 .text          0x00000000c0003a66      0x286 build/bitmap.o
                0x00000000c0003a66                bitmap_init
                0x00000000c0003a99                bitmap_scan_test
                0x00000000c0003ae2                bitmap_scan
                0x00000000c0003c24                bitmap_set
 .text          0x00000000c0003cec      0x4aa build/string.o
                0x00000000c0003cec                memset
                0x00000000c0003d55                memcpy
                0x00000000c0003dcc                memcmp
                0x00000000c0003e65                strcpy
                0x00000000c0003ed0                strlen
                0x00000000c0003f2d                strcmp
                0x00000000c0003fbc                strchr
                0x00000000c000402a                strrchr
                0x00000000c000409e                strcat
                0x00000000c000411e                strchrs
 .text          0x00000000c0004196      0xe09 build/thread.o
                0x00000000c00041b7                running_thread
                0x00000000c00042d5                release_pid
                0x00000000c000433f                fork_pid
                0x00000000c0004356                thread_create
                0x00000000c00043da                init_thread
                0x00000000c00044f7                thread_start
                0x00000000c0004695                schedule
                0x00000000c0004810                thread_block
                0x00000000c0004888                thread_unblock
                0x00000000c00049a9                thread_yield
                0x00000000c0004d37                sys_ps
                0x00000000c0004d92                thread_exit
                0x00000000c0004eac                pid2thread
                0x00000000c0004efc                thread_init
 .text.__x86.get_pc_thunk.dx
                0x00000000c0004f9f        0x4 build/thread.o
                0x00000000c0004f9f                __x86.get_pc_thunk.dx
 .text          0x00000000c0004fa3      0x25f build/list.o
                0x00000000c0004fa3                list_init
                0x00000000c0004fdb                list_insert_before
                0x00000000c000502f                list_push
                0x00000000c0005057                list_append
                0x00000000c000507f                list_remove
                0x00000000c00050c8                list_pop
                0x00000000c00050f4                elem_find
                0x00000000c0005139                list_traversal
                0x00000000c00051a0                list_len
                0x00000000c00051df                list_empty
 *fill*         0x00000000c0005202        0xe 
 .text          0x00000000c0005210       0x15 build/switch.o
                0x00000000c0005210                switch_to
 .text          0x00000000c0005225      0x119 build/console.o
                0x00000000c0005225                console_init
                0x00000000c0005250                console_acquire
                0x00000000c000527b                console_release
                0x00000000c00052a6                console_put_str
                0x00000000c00052d6                console_put_char
                0x00000000c000530e                console_put_int
 .text          0x00000000c000533e      0x38f build/sync.o
                0x00000000c000533e                sema_init
                0x00000000c0005378                lock_init
                0x00000000c00053b2                sema_down
                0x00000000c00054ce                sema_up
                0x00000000c0005598                lock_acquire
                0x00000000c000561e                lock_release
 .text          0x00000000c00056cd      0x33e build/keyboard.o
                0x00000000c00059a9                keyboard_init
 .text          0x00000000c0005a0b      0x40c build/ioqueue.o
                0x00000000c0005a0b                ioqueue_init
                0x00000000c0005a8a                ioq_full
                0x00000000c0005bff                ioq_getchar
                0x00000000c0005cd4                ioq_putchar
                0x00000000c0005dac                ioq_length
 .text          0x00000000c0005e17      0x1b2 build/tss.o
                0x00000000c0005e17                update_tss_esp
                0x00000000c0005ea8                tss_init
 .text          0x00000000c0005fc9      0x3dc build/process.o
                0x00000000c0005fc9                start_process
                0x00000000c00060dd                page_dir_activate
                0x00000000c0006122                process_activate
                0x00000000c0006185                create_page_dir
                0x00000000c000620e                create_user_vaddr_bitmap
                0x00000000c0006267                process_execute
 .text          0x00000000c00063a5      0x453 build/syscall.o
                0x00000000c00063a5                getpid
                0x00000000c00063c4                write
                0x00000000c00063f0                malloc
                0x00000000c0006418                free
                0x00000000c000643e                fork
                0x00000000c000645d                read
                0x00000000c0006489                putchar
                0x00000000c00064b6                clear
                0x00000000c00064d3                getcwd
                0x00000000c00064fe                open
                0x00000000c0006530                close
                0x00000000c0006558                lseek
                0x00000000c000658b                unlink
                0x00000000c00065b3                mkdir
                0x00000000c00065db                opendir
                0x00000000c0006603                closedir
                0x00000000c000662b                rmdir
                0x00000000c0006653                readdir
                0x00000000c000667b                rewinddir
                0x00000000c00066a1                stat
                0x00000000c00066cc                chdir
                0x00000000c00066f4                ps
                0x00000000c0006711                execv
                0x00000000c000673c                exit
                0x00000000c0006762                wait
                0x00000000c000678a                pipe
                0x00000000c00067b2                fd_redirect
                0x00000000c00067db                help
 .text          0x00000000c00067f8      0x1ae build/syscall-init.o
                0x00000000c00067f8                sys_getpid
                0x00000000c000681a                syscall_init
 .text          0x00000000c00069a6      0x2e1 build/stdio.o
                0x00000000c0006a37                vsprintf
                0x00000000c0006bc5                sprintf
                0x00000000c0006bff                printf
 .text          0x00000000c0006c87      0xee1 build/ide.o
                0x00000000c000700d                ide_read
                0x00000000c00071a2                ide_write
                0x00000000c0007859                intr_hd_handler
                0x00000000c0007931                ide_init
 .text          0x00000000c0007b68       0x74 build/stdio-kernel.o
                0x00000000c0007b68                printk
 .text          0x00000000c0007bdc     0x24aa build/fs.o
                0x00000000c0008289                path_parse
                0x00000000c00082f2                path_depth_cnt
                0x00000000c0008639                sys_open
                0x00000000c00088bb                fd_local2global
                0x00000000c000891b                sys_close
                0x00000000c0008a47                sys_write
                0x00000000c0008b7b                sys_read
                0x00000000c0008cdb                sys_lseek
                0x00000000c0008de4                sys_unlink
                0x00000000c000903e                sys_mkdir
                0x00000000c000945c                sys_opendir
                0x00000000c0009587                sys_closedir
                0x00000000c00095c4                sys_readdir
                0x00000000c0009611                sys_rewinddir
                0x00000000c000962b                sys_rmdir
                0x00000000c0009a02                sys_getcwd
                0x00000000c0009c1f                sys_chdir
                0x00000000c0009cbd                sys_stat
                0x00000000c0009e02                sys_putchar
                0x00000000c0009e34                sys_help
                0x00000000c0009e5f                filesys_init
 .text          0x00000000c000a086      0x7bc build/inode.o
                0x00000000c000a136                inode_sync
                0x00000000c000a272                inode_open
                0x00000000c000a3c7                inode_close
                0x00000000c000a452                inode_delete
                0x00000000c000a57f                inode_release
                0x00000000c000a7e1                inode_init
 .text          0x00000000c000a842     0x12c7 build/file.o
                0x00000000c000a842                get_free_slot_in_global
                0x00000000c000a8ad                pcb_fd_install
                0x00000000c000a92b                inode_bitmap_alloc
                0x00000000c000a981                block_bitmap_alloc
                0x00000000c000a9e2                bitmap_sync
                0x00000000c000aa7b                file_create
                0x00000000c000ad7e                file_open
                0x00000000c000aeb2                file_close
                0x00000000c000af05                file_write
                0x00000000c000b728                file_read
 .text          0x00000000c000bb09      0xf66 build/dir.o
                0x00000000c000bb09                open_root_dir
                0x00000000c000bb49                dir_open
                0x00000000c000bb96                search_dir_entry
                0x00000000c000bd7f                dir_close
                0x00000000c000bdc3                create_dir_entry
                0x00000000c000be47                sync_dir_entry
                0x00000000c000c2b3                delete_dir_entry
                0x00000000c000c753                dir_read
                0x00000000c000c957                dir_is_empty
                0x00000000c000c98f                dir_remove
 .text          0x00000000c000ca6f      0x58f build/fork.o
                0x00000000c000ceb3                sys_fork
 .text          0x00000000c000cffe      0x81e build/shell.o
                0x00000000c000cffe                print_prompt
                0x00000000c000d571                my_shell
 .text          0x00000000c000d81c       0x33 build/assert.o
                0x00000000c000d81c                user_spin
 .text          0x00000000c000d84f      0xa16 build/buildin_cmd.o
                0x00000000c000d9de                make_clear_abs_path
                0x00000000c000dab1                buildin_pwd
                0x00000000c000db2a                buildin_cd
                0x00000000c000dbd3                buildin_ls
                0x00000000c000dfce                buildin_ps
                0x00000000c000e007                buildin_clear
                0x00000000c000e040                buildin_mkdir
                0x00000000c000e0ed                buildin_rmdir
                0x00000000c000e19a                buildin_rm
                0x00000000c000e247                buildin_help
 .text          0x00000000c000e265      0x365 build/exec.o
                0x00000000c000e510                sys_execv
 .text          0x00000000c000e5ca      0x4a3 build/wait_exit.o
                0x00000000c000e8d6                sys_wait
                0x00000000c000e9a0                sys_exit
 .text          0x00000000c000ea6d      0x2dd build/pipe.o
                0x00000000c000ea6d                is_pipe
                0x00000000c000eab9                sys_pipe
                0x00000000c000ebb1                pipe_read
                0x00000000c000ec4a                pipe_write
                0x00000000c000ecf1                sys_fd_redirect
 *(.gnu.warning)

.fini
 *(SORT_NONE(.fini))
                [!provide]                        PROVIDE (__etext = .)
                [!provide]                        PROVIDE (_etext = .)
                [!provide]                        PROVIDE (etext = .)
                0x00000000c000f000                . = ALIGN (CONSTANT (MAXPAGESIZE))
                0x00000000c000f000                . = SEGMENT_START ("rodata-segment", (ALIGN (CONSTANT (MAXPAGESIZE)) + (. & (CONSTANT (MAXPAGESIZE) - 0x1))))

.rodata         0x00000000c000f000     0x29bd
 *(.rodata .rodata.* .gnu.linkonce.r.*)
 .rodata        0x00000000c000f000       0xb1 build/main.o
 .rodata        0x00000000c000f0b1        0xa build/init.o
 *fill*         0x00000000c000f0bb        0x1 
 .rodata        0x00000000c000f0bc      0x2d1 build/interrupt.o
 *fill*         0x00000000c000f38d        0x3 
 .rodata        0x00000000c000f390       0x88 build/timer.o
 .rodata        0x00000000c000f418       0x3f build/debug.o
 *fill*         0x00000000c000f457        0x1 
 .rodata        0x00000000c000f458      0x3c9 build/memory.o
 *fill*         0x00000000c000f821        0x3 
 .rodata        0x00000000c000f824       0x6b build/bitmap.o
 *fill*         0x00000000c000f88f        0x1 
 .rodata        0x00000000c000f890       0xc4 build/string.o
 .rodata        0x00000000c000f954      0x3dc build/thread.o
 .rodata        0x00000000c000fd30      0x135 build/sync.o
 .rodata        0x00000000c000fe65       0x36 build/keyboard.o
 *fill*         0x00000000c000fe9b        0x1 
 .rodata        0x00000000c000fe9c       0xa8 build/ioqueue.o
 .rodata        0x00000000c000ff44       0x27 build/tss.o
 *fill*         0x00000000c000ff6b        0x1 
 .rodata        0x00000000c000ff6c       0xe0 build/process.o
 .rodata        0x00000000c001004c       0x27 build/syscall-init.o
 *fill*         0x00000000c0010073        0x1 
 .rodata        0x00000000c0010074      0x1f9 build/ide.o
 *fill*         0x00000000c001026d        0x3 
 .rodata        0x00000000c0010270      0xa29 build/fs.o
 *fill*         0x00000000c0010c99        0x3 
 .rodata        0x00000000c0010c9c       0xc2 build/inode.o
 *fill*         0x00000000c0010d5e        0x2 
 .rodata        0x00000000c0010d60      0x41e build/file.o
 *fill*         0x00000000c001117e        0x2 
 .rodata        0x00000000c0011180      0x20f build/dir.o
 *fill*         0x00000000c001138f        0x1 
 .rodata        0x00000000c0011390      0x105 build/fork.o
 *fill*         0x00000000c0011495        0x3 
 .rodata        0x00000000c0011498      0x1a0 build/shell.o
 .rodata        0x00000000c0011638       0x32 build/assert.o
 *fill*         0x00000000c001166a        0x2 
 .rodata        0x00000000c001166c      0x2fe build/buildin_cmd.o
 .rodata        0x00000000c001196a        0x8 build/exec.o
 *fill*         0x00000000c0011972        0x2 
 .rodata        0x00000000c0011974       0x49 build/wait_exit.o

.rodata1
 *(.rodata1)

.eh_frame_hdr
 *(.eh_frame_hdr)
 *(.eh_frame_entry .eh_frame_entry.*)

.eh_frame       0x00000000c00119c0     0x25d4
 *(.eh_frame)
 .eh_frame      0x00000000c00119c0       0x84 build/main.o
 .eh_frame      0x00000000c0011a44       0x24 build/init.o
                                         0x50 (size before relaxing)
 .eh_frame      0x00000000c0011a68      0x1ac build/interrupt.o
                                        0x1d8 (size before relaxing)
 .eh_frame      0x00000000c0011c14       0xf0 build/timer.o
                                        0x130 (size before relaxing)
 .eh_frame      0x00000000c0011d04       0x1c build/debug.o
                                         0x48 (size before relaxing)
 .eh_frame      0x00000000c0011d20      0x324 build/memory.o
                                        0x364 (size before relaxing)
 .eh_frame      0x00000000c0012044       0x90 build/bitmap.o
                                         0xbc (size before relaxing)
 .eh_frame      0x00000000c00120d4      0x168 build/string.o
                                        0x194 (size before relaxing)
 .eh_frame      0x00000000c001223c      0x314 build/thread.o
                                        0x354 (size before relaxing)
 .eh_frame      0x00000000c0012550      0x148 build/list.o
                                        0x188 (size before relaxing)
 .eh_frame      0x00000000c0012698       0xd8 build/console.o
                                        0x118 (size before relaxing)
 .eh_frame      0x00000000c0012770       0xdc build/sync.o
                                        0x11c (size before relaxing)
 .eh_frame      0x00000000c001284c       0x68 build/keyboard.o
                                         0xa8 (size before relaxing)
 .eh_frame      0x00000000c00128b4      0x13c build/ioqueue.o
                                        0x17c (size before relaxing)
 .eh_frame      0x00000000c00129f0       0x6c build/tss.o
                                         0xac (size before relaxing)
 .eh_frame      0x00000000c0012a5c       0xd8 build/process.o
                                        0x118 (size before relaxing)
 .eh_frame      0x00000000c0012b34      0x3dc build/syscall.o
                                        0x408 (size before relaxing)
 .eh_frame      0x00000000c0012f10       0x48 build/syscall-init.o
                                         0x88 (size before relaxing)
 .eh_frame      0x00000000c0012f58       0x90 build/stdio.o
                                         0xd0 (size before relaxing)
 .eh_frame      0x00000000c0012fe8      0x27c build/ide.o
                                        0x2bc (size before relaxing)
 .eh_frame      0x00000000c0013264       0x28 build/stdio-kernel.o
                                         0x54 (size before relaxing)
 .eh_frame      0x00000000c001328c      0x3e0 build/fs.o
                                        0x420 (size before relaxing)
 .eh_frame      0x00000000c001366c      0x100 build/inode.o
                                        0x140 (size before relaxing)
 .eh_frame      0x00000000c001376c      0x178 build/file.o
                                        0x1cc (size before relaxing)
 .eh_frame      0x00000000c00138e4      0x17c build/dir.o
                                        0x1bc (size before relaxing)
 .eh_frame      0x00000000c0013a60       0xd8 build/fork.o
                                        0x118 (size before relaxing)
 .eh_frame      0x00000000c0013b38       0xac build/shell.o
                                         0xec (size before relaxing)
 .eh_frame      0x00000000c0013be4       0x1c build/assert.o
                                         0x48 (size before relaxing)
 .eh_frame      0x00000000c0013c00      0x19c build/buildin_cmd.o
                                        0x1dc (size before relaxing)
 .eh_frame      0x00000000c0013d9c       0x6c build/exec.o
                                         0x98 (size before relaxing)
 .eh_frame      0x00000000c0013e08       0xd4 build/wait_exit.o
                                        0x114 (size before relaxing)
 .eh_frame      0x00000000c0013edc       0xb8 build/pipe.o
                                         0xf8 (size before relaxing)
 *(.eh_frame.*)

.gcc_except_table
 *(.gcc_except_table .gcc_except_table.*)

.gnu_extab
 *(.gnu_extab*)

.exception_ranges
 *(.exception_ranges*)
                0x00000000c0015000                . = DATA_SEGMENT_ALIGN (CONSTANT (MAXPAGESIZE), CONSTANT (COMMONPAGESIZE))

.eh_frame
 *(.eh_frame)
 *(.eh_frame.*)

.gnu_extab
 *(.gnu_extab)

.gcc_except_table
 *(.gcc_except_table .gcc_except_table.*)

.exception_ranges
 *(.exception_ranges*)

.tdata          0x00000000c0015000        0x0
                [!provide]                        PROVIDE (__tdata_start = .)
 *(.tdata .tdata.* .gnu.linkonce.td.*)

.tbss
 *(.tbss .tbss.* .gnu.linkonce.tb.*)
 *(.tcommon)

.preinit_array  0x00000000c0015000        0x0
                [!provide]                        PROVIDE (__preinit_array_start = .)
 *(.preinit_array)
                [!provide]                        PROVIDE (__preinit_array_end = .)

.init_array     0x00000000c0015000        0x0
                [!provide]                        PROVIDE (__init_array_start = .)
 *(SORT_BY_INIT_PRIORITY(.init_array.*) SORT_BY_INIT_PRIORITY(.ctors.*))
 *(.init_array EXCLUDE_FILE(*crtend?.o *crtend.o *crtbegin?.o *crtbegin.o) .ctors)
                [!provide]                        PROVIDE (__init_array_end = .)

.fini_array     0x00000000c0015000        0x0
                [!provide]                        PROVIDE (__fini_array_start = .)
 *(SORT_BY_INIT_PRIORITY(.fini_array.*) SORT_BY_INIT_PRIORITY(.dtors.*))
 *(.fini_array EXCLUDE_FILE(*crtend?.o *crtend.o *crtbegin?.o *crtbegin.o) .dtors)
                [!provide]                        PROVIDE (__fini_array_end = .)

.ctors
 *crtbegin.o(.ctors)
 *crtbegin?.o(.ctors)
 *(EXCLUDE_FILE(*crtend?.o *crtend.o) .ctors)
 *(SORT_BY_NAME(.ctors.*))
 *(.ctors)

.dtors
 *crtbegin.o(.dtors)
 *crtbegin?.o(.dtors)
 *(EXCLUDE_FILE(*crtend?.o *crtend.o) .dtors)
 *(SORT_BY_NAME(.dtors.*))
 *(.dtors)

.jcr
 *(.jcr)

.data.rel.ro
 *(.data.rel.ro.local* .gnu.linkonce.d.rel.ro.local.*)
 *(.data.rel.ro .data.rel.ro.* .gnu.linkonce.d.rel.ro.*)

.dynamic
 *(.dynamic)

.got            0x00000000c0015000        0x0
 *(.got)
 .got           0x00000000c0015000        0x0 build/main.o
 *(.igot)
                0x00000000c0015ff4                . = DATA_SEGMENT_RELRO_END (., (SIZEOF (.got.plt) >= 0xc)?0xc:0x0)

.got.plt        0x00000000c0015000        0xc
 *(.got.plt)
 .got.plt       0x00000000c0015000        0xc build/main.o
                0x00000000c0015000                _GLOBAL_OFFSET_TABLE_
 *(.igot.plt)
 .igot.plt      0x00000000c001500c        0x0 build/main.o

.data           0x00000000c0015020      0x15c
 *(.data .data.* .gnu.linkonce.d.*)
 .data          0x00000000c0015020        0x0 build/main.o
 .data          0x00000000c0015020        0x0 build/init.o
 .data          0x00000000c0015020        0x0 build/interrupt.o
 .data          0x00000000c0015020        0x0 build/timer.o
 .data          0x00000000c0015020       0xc0 build/kernel.o
                0x00000000c0015020                intr_entry_table
 .data          0x00000000c00150e0        0x8 build/print.o
 .data          0x00000000c00150e8        0x0 build/debug.o
 .data          0x00000000c00150e8        0x0 build/memory.o
 .data          0x00000000c00150e8        0x0 build/bitmap.o
 .data          0x00000000c00150e8        0x0 build/string.o
 .data          0x00000000c00150e8        0x0 build/thread.o
 .data          0x00000000c00150e8        0x0 build/list.o
 .data          0x00000000c00150e8        0x0 build/console.o
 .data          0x00000000c00150e8        0x0 build/sync.o
 *fill*         0x00000000c00150e8       0x18 
 .data          0x00000000c0015100       0x76 build/keyboard.o
 .data          0x00000000c0015176        0x0 build/ioqueue.o
 .data          0x00000000c0015176        0x0 build/tss.o
 .data          0x00000000c0015176        0x0 build/process.o
 .data          0x00000000c0015176        0x0 build/syscall.o
 .data          0x00000000c0015176        0x0 build/syscall-init.o
 .data          0x00000000c0015176        0x0 build/stdio.o
 .data          0x00000000c0015176        0x0 build/ide.o
 .data          0x00000000c0015176        0x0 build/stdio-kernel.o
 .data          0x00000000c0015176        0x0 build/fs.o
 .data          0x00000000c0015176        0x0 build/inode.o
 .data          0x00000000c0015176        0x0 build/file.o
 .data          0x00000000c0015176        0x0 build/dir.o
 .data          0x00000000c0015176        0x0 build/fork.o
 *fill*         0x00000000c0015176        0x2 
 .data          0x00000000c0015178        0x4 build/shell.o
                0x00000000c0015178                argc
 .data          0x00000000c001517c        0x0 build/assert.o
 .data          0x00000000c001517c        0x0 build/buildin_cmd.o
 .data          0x00000000c001517c        0x0 build/exec.o
 .data          0x00000000c001517c        0x0 build/wait_exit.o
 .data          0x00000000c001517c        0x0 build/pipe.o

.data1
 *(.data1)
                0x00000000c001517c                _edata = .
                [!provide]                        PROVIDE (edata = .)
                0x00000000c001517c                . = .
                0x00000000c001517c                __bss_start = .

.bss            0x00000000c0015180     0x2ac0
 *(.dynbss)
 *(.bss .bss.* .gnu.linkonce.b.*)
 .bss           0x00000000c0015180        0x0 build/main.o
 .bss           0x00000000c0015180        0x0 build/init.o
 .bss           0x00000000c0015180      0x848 build/interrupt.o
                0x00000000c0015180                intr_name
                0x00000000c00153a0                idt_table
 .bss           0x00000000c00159c8        0x4 build/timer.o
                0x00000000c00159c8                ticks
 .bss           0x00000000c00159cc        0x0 build/debug.o
 *fill*         0x00000000c00159cc       0x14 
 .bss           0x00000000c00159e0      0x138 build/memory.o
                0x00000000c00159e0                k_block_descs
                0x00000000c0015aa0                kernel_pool
                0x00000000c0015ae0                user_pool
                0x00000000c0015b0c                kernel_vaddr
 .bss           0x00000000c0015b18        0x0 build/bitmap.o
 .bss           0x00000000c0015b18        0x0 build/string.o
 *fill*         0x00000000c0015b18        0x8 
 .bss           0x00000000c0015b20       0xd4 build/thread.o
                0x00000000c0015b20                pid_bitmap_bits
                0x00000000c0015ba0                pid_pool
                0x00000000c0015bc8                main_thread
                0x00000000c0015bcc                idle_thread
                0x00000000c0015bd0                thread_ready_list
                0x00000000c0015be0                thread_all_list
 .bss           0x00000000c0015bf4        0x0 build/list.o
 .bss           0x00000000c0015bf4       0x1c build/console.o
 .bss           0x00000000c0015c10        0x0 build/sync.o
 *fill*         0x00000000c0015c10       0x10 
 .bss           0x00000000c0015c20      0x840 build/keyboard.o
                0x00000000c0015c20                kbd_buf
 .bss           0x00000000c0016460        0x0 build/ioqueue.o
 .bss           0x00000000c0016460       0x6c build/tss.o
 .bss           0x00000000c00164cc        0x0 build/process.o
 .bss           0x00000000c00164cc        0x0 build/syscall.o
 *fill*         0x00000000c00164cc       0x14 
 .bss           0x00000000c00164e0       0x80 build/syscall-init.o
                0x00000000c00164e0                syscall_table
 .bss           0x00000000c0016560        0x0 build/stdio.o
 .bss           0x00000000c0016560      0xcf8 build/ide.o
                0x00000000c0016560                channel_cnt
                0x00000000c0016580                channels
                0x00000000c0017240                ext_lba_base
                0x00000000c0017244                p_no
                0x00000000c0017245                l_no
                0x00000000c0017248                partition_list
 .bss           0x00000000c0017258        0x0 build/stdio-kernel.o
 .bss           0x00000000c0017258        0x4 build/fs.o
                0x00000000c0017258                cur_part
 .bss           0x00000000c001725c        0x0 build/inode.o
 *fill*         0x00000000c001725c        0x4 
 .bss           0x00000000c0017260      0x180 build/file.o
                0x00000000c0017260                file_table
 .bss           0x00000000c00173e0      0x208 build/dir.o
                0x00000000c00173e0                root_dir
 .bss           0x00000000c00175e8        0x0 build/fork.o
 *fill*         0x00000000c00175e8       0x18 
 .bss           0x00000000c0017600      0x640 build/shell.o
                0x00000000c0017600                final_path
                0x00000000c0017800                cwd_cache
                0x00000000c0017a00                argv
 .bss           0x00000000c0017c40        0x0 build/assert.o
 .bss           0x00000000c0017c40        0x0 build/buildin_cmd.o
 .bss           0x00000000c0017c40        0x0 build/exec.o
 .bss           0x00000000c0017c40        0x0 build/wait_exit.o
 .bss           0x00000000c0017c40        0x0 build/pipe.o
 *(COMMON)
                0x00000000c0017c40                . = ALIGN ((. != 0x0)?0x4:0x1)
                0x00000000c0017c40                . = ALIGN (0x4)
                0x00000000c0017c40                . = SEGMENT_START ("ldata-segment", .)
                0x00000000c0017c40                . = ALIGN (0x4)
                0x00000000c0017c40                _end = .
                [!provide]                        PROVIDE (end = .)
                0x00000000c0017c40                . = DATA_SEGMENT_END (.)

.stab
 *(.stab)

.stabstr
 *(.stabstr)

.stab.excl
 *(.stab.excl)

.stab.exclstr
 *(.stab.exclstr)

.stab.index
 *(.stab.index)

.stab.indexstr
 *(.stab.indexstr)

.comment        0x0000000000000000       0x2b
 *(.comment)
 .comment       0x0000000000000000       0x2b build/main.o
                                         0x2c (size before relaxing)
 .comment       0x000000000000002b       0x2c build/init.o
 .comment       0x000000000000002b       0x2c build/interrupt.o
 .comment       0x000000000000002b       0x2c build/timer.o
 .comment       0x000000000000002b       0x2c build/debug.o
 .comment       0x000000000000002b       0x2c build/memory.o
 .comment       0x000000000000002b       0x2c build/bitmap.o
 .comment       0x000000000000002b       0x2c build/string.o
 .comment       0x000000000000002b       0x2c build/thread.o
 .comment       0x000000000000002b       0x2c build/list.o
 .comment       0x000000000000002b       0x2c build/console.o
 .comment       0x000000000000002b       0x2c build/sync.o
 .comment       0x000000000000002b       0x2c build/keyboard.o
 .comment       0x000000000000002b       0x2c build/ioqueue.o
 .comment       0x000000000000002b       0x2c build/tss.o
 .comment       0x000000000000002b       0x2c build/process.o
 .comment       0x000000000000002b       0x2c build/syscall.o
 .comment       0x000000000000002b       0x2c build/syscall-init.o
 .comment       0x000000000000002b       0x2c build/stdio.o
 .comment       0x000000000000002b       0x2c build/ide.o
 .comment       0x000000000000002b       0x2c build/stdio-kernel.o
 .comment       0x000000000000002b       0x2c build/fs.o
 .comment       0x000000000000002b       0x2c build/inode.o
 .comment       0x000000000000002b       0x2c build/file.o
 .comment       0x000000000000002b       0x2c build/dir.o
 .comment       0x000000000000002b       0x2c build/fork.o
 .comment       0x000000000000002b       0x2c build/shell.o
 .comment       0x000000000000002b       0x2c build/assert.o
 .comment       0x000000000000002b       0x2c build/buildin_cmd.o
 .comment       0x000000000000002b       0x2c build/exec.o
 .comment       0x000000000000002b       0x2c build/wait_exit.o
 .comment       0x000000000000002b       0x2c build/pipe.o

.gnu.build.attributes
 *(.gnu.build.attributes .gnu.build.attributes.*)

.debug
 *(.debug)

.line
 *(.line)

.debug_srcinfo
 *(.debug_srcinfo)

.debug_sfnames
 *(.debug_sfnames)

.debug_aranges
 *(.debug_aranges)

.debug_pubnames
 *(.debug_pubnames)

.debug_info
 *(.debug_info .gnu.linkonce.wi.*)

.debug_abbrev
 *(.debug_abbrev)

.debug_line
 *(.debug_line .debug_line.* .debug_line_end)

.debug_frame
 *(.debug_frame)

.debug_str
 *(.debug_str)

.debug_loc
 *(.debug_loc)

.debug_macinfo
 *(.debug_macinfo)

.debug_weaknames
 *(.debug_weaknames)

.debug_funcnames
 *(.debug_funcnames)

.debug_typenames
 *(.debug_typenames)

.debug_varnames
 *(.debug_varnames)

.debug_pubtypes
 *(.debug_pubtypes)

.debug_ranges
 *(.debug_ranges)

.debug_addr
 *(.debug_addr)

.debug_line_str
 *(.debug_line_str)

.debug_loclists
 *(.debug_loclists)

.debug_macro
 *(.debug_macro)

.debug_names
 *(.debug_names)

.debug_rnglists
 *(.debug_rnglists)

.debug_str_offsets
 *(.debug_str_offsets)

.debug_sup
 *(.debug_sup)

.gnu.attributes
 *(.gnu.attributes)

/DISCARD/
 *(.note.GNU-stack)
 *(.gnu_debuglink)
 *(.gnu.lto_*)
OUTPUT(build/kernel.bin elf32-i386)
